2025-04-16 15:40:17 - __main__ - INFO - Connection attempt 1/3
2025-04-16 15:40:17 - __main__ - INFO - Testing connection to: postgresql://customate_db_user:********@dpg-cvp5f3a4d50c73bogp50-a.oregon-postgres.render.com:5432/customate_db?sslmode=require
2025-04-16 15:40:17 - __main__ - INFO - Host: dpg-cvp5f3a4d50c73bogp50-a.oregon-postgres.render.com
2025-04-16 15:40:17 - __main__ - INFO - Database: customate_db
2025-04-16 15:40:17 - __main__ - INFO - User: customate_db_user
2025-04-16 15:40:17 - __main__ - INFO - SSL Mode: require
2025-04-16 15:40:19 - sqlalchemy.engine.Engine - INFO - select pg_catalog.version()
2025-04-16 15:40:19 - sqlalchemy.engine.Engine - INFO - [raw sql] {}
2025-04-16 15:40:19 - sqlalchemy.engine.Engine - INFO - select current_schema()
2025-04-16 15:40:19 - sqlalchemy.engine.Engine - INFO - [raw sql] {}
2025-04-16 15:40:20 - sqlalchemy.engine.Engine - INFO - show standard_conforming_strings
2025-04-16 15:40:20 - sqlalchemy.engine.Engine - INFO - [raw sql] {}
2025-04-16 15:40:20 - sqlalchemy.engine.Engine - INFO - SELECT 1
2025-04-16 15:40:20 - sqlalchemy.engine.Engine - INFO - [generated in 0.00116s] {}
2025-04-16 15:40:21 - __main__ - INFO - Connection successful!
2025-04-16 15:40:21 - __main__ - INFO - Query result: 1
2025-04-16 15:40:21 - sqlalchemy.engine.Engine - INFO - SELECT table_name FROM information_schema.tables WHERE table_schema = 'public'
2025-04-16 15:40:21 - sqlalchemy.engine.Engine - INFO - [generated in 0.00083s] {}
2025-04-16 15:40:21 - __main__ - INFO - Available tables:
2025-04-16 15:40:21 - __main__ - INFO -   - clients
2025-04-16 15:40:21 - __main__ - INFO -   - magic_link_tokens
2025-04-16 15:40:21 - __main__ - INFO -   - integrations
2025-04-16 15:40:21 - __main__ - INFO -   - client_settings
2025-04-16 15:40:21 - __main__ - INFO -   - subscriptions
2025-04-16 15:40:21 - __main__ - INFO -   - knowledge_collections
2025-04-16 15:40:21 - __main__ - INFO -   - document_sources
2025-04-16 15:40:21 - __main__ - INFO -   - chat_sessions
2025-04-16 15:40:21 - __main__ - INFO -   - storage_usage
2025-04-16 15:40:21 - __main__ - INFO -   - api_usage_logs
2025-04-16 15:40:21 - __main__ - INFO -   - daily_stats
2025-04-16 15:40:21 - __main__ - INFO -   - notifications
2025-04-16 15:40:21 - __main__ - INFO -   - notification_preferences
2025-04-16 15:40:21 - __main__ - INFO -   - channels
2025-04-16 15:40:21 - __main__ - INFO -   - integration_syncs
2025-04-16 15:40:21 - __main__ - INFO -   - knowledge_items
2025-04-16 15:40:21 - __main__ - INFO -   - website_crawl_jobs
2025-04-16 15:40:21 - __main__ - INFO -   - chat_messages
2025-04-16 15:40:21 - __main__ - INFO -   - conversation_contexts
2025-04-16 15:40:21 - __main__ - INFO -   - chat_metrics
2025-04-16 15:40:21 - __main__ - INFO -   - knowledge_metrics
2025-04-16 15:40:21 - __main__ - INFO -   - subscription_usage
2025-04-16 15:40:21 - __main__ - INFO -   - channel_conversations
2025-04-16 15:40:21 - __main__ - INFO -   - vector_embeddings
2025-04-16 15:40:21 - __main__ - INFO -   - crawled_pages
2025-04-16 15:40:21 - __main__ - INFO -   - channel_messages
