2025-03-09 16:17:43 - sqlalchemy.engine.Engine - INFO - select pg_catalog.version()
2025-03-09 16:17:43 - sqlalchemy.engine.Engine - INFO - [raw sql] {}
2025-03-09 16:17:43 - sqlalchemy.engine.Engine - INFO - select current_schema()
2025-03-09 16:17:43 - sqlalchemy.engine.Engine - INFO - [raw sql] {}
2025-03-09 16:17:43 - sqlalchemy.engine.Engine - INFO - show standard_conforming_strings
2025-03-09 16:17:43 - sqlalchemy.engine.Engine - INFO - [raw sql] {}
2025-03-09 16:17:43 - sqlalchemy.engine.Engine - INFO - BEGIN (implicit)
2025-03-09 16:17:43 - sqlalchemy.engine.Engine - INFO - COMMIT
2025-03-09 16:17:46 - sqlalchemy.engine.Engine - INFO - select pg_catalog.version()
2025-03-09 16:17:46 - sqlalchemy.engine.Engine - INFO - [raw sql] {}
2025-03-09 16:17:46 - sqlalchemy.engine.Engine - INFO - select current_schema()
2025-03-09 16:17:46 - sqlalchemy.engine.Engine - INFO - [raw sql] {}
2025-03-09 16:17:46 - sqlalchemy.engine.Engine - INFO - show standard_conforming_strings
2025-03-09 16:17:46 - sqlalchemy.engine.Engine - INFO - [raw sql] {}
2025-03-09 16:17:46 - sqlalchemy.engine.Engine - INFO - BEGIN (implicit)
2025-03-09 16:17:46 - sqlalchemy.engine.Engine - INFO - COMMIT
2025-03-09 16:17:47 - sqlalchemy.engine.Engine - INFO - BEGIN (implicit)
2025-03-09 16:17:47 - sqlalchemy.engine.Engine - INFO - COMMIT
2025-03-09 16:20:10 - customate - INFO - Request: GET / - Status: 200 - Process Time: 0.0010s
2025-03-09 16:20:10 - customate - INFO - Request: GET /favicon.ico - Status: 404 - Process Time: 0.0012s
2025-03-09 16:24:22 - sqlalchemy.engine.Engine - INFO - select pg_catalog.version()
2025-03-09 16:24:22 - sqlalchemy.engine.Engine - INFO - [raw sql] {}
2025-03-09 16:24:22 - sqlalchemy.engine.Engine - INFO - select current_schema()
2025-03-09 16:24:22 - sqlalchemy.engine.Engine - INFO - [raw sql] {}
2025-03-09 16:24:22 - sqlalchemy.engine.Engine - INFO - show standard_conforming_strings
2025-03-09 16:24:22 - sqlalchemy.engine.Engine - INFO - [raw sql] {}
2025-03-09 16:24:22 - sqlalchemy.engine.Engine - INFO - BEGIN (implicit)
2025-03-09 16:24:22 - sqlalchemy.engine.Engine - INFO - COMMIT
2025-03-09 16:24:23 - sqlalchemy.engine.Engine - INFO - select pg_catalog.version()
2025-03-09 16:24:23 - sqlalchemy.engine.Engine - INFO - [raw sql] {}
2025-03-09 16:24:23 - sqlalchemy.engine.Engine - INFO - select current_schema()
2025-03-09 16:24:23 - sqlalchemy.engine.Engine - INFO - [raw sql] {}
2025-03-09 16:24:23 - sqlalchemy.engine.Engine - INFO - show standard_conforming_strings
2025-03-09 16:24:23 - sqlalchemy.engine.Engine - INFO - [raw sql] {}
2025-03-09 16:24:23 - sqlalchemy.engine.Engine - INFO - BEGIN (implicit)
2025-03-09 16:24:23 - sqlalchemy.engine.Engine - INFO - COMMIT
2025-03-09 16:24:23 - sqlalchemy.engine.Engine - INFO - BEGIN (implicit)
2025-03-09 16:24:23 - sqlalchemy.engine.Engine - INFO - COMMIT
